// Jest Snapshot v1, https://goo.gl/fbAQLP

exports[`Books/components/Loader should render without crashing 1`] = `
<div
  className="booksLoaderContainer"
>
  <Spinner
    animation="border"
  />
</div>
`;
